Server started at 2026-08-13T02:54:07.781Z on port 4000. process.env.PORT is 4000
Server started at 2026-08-13T02:54:08.786Z on port 4000. process.env.PORT is 4000
Server started at 2026-08-13T02:54:09.999Z on port 4000. process.env.PORT is 4000
Server started at 2026-08-13T02:54:11.134Z on port 4000. process.env.PORT is 4000
Server started at 2026-08-13T02:54:12.215Z on port 4000. process.env.PORT is 4000
Server started at 2026-08-13T02:54:13.701Z on port 4000. process.env.PORT is 4000
Server started at 2026-08-13T02:54:14.648Z on port 4000. process.env.PORT is 4000
Server started at 2026-08-13T02:54:15.716Z on port 4000. process.env.PORT is 4000
Server started at 2026-08-13T02:54:16.795Z on port 4000. process.env.PORT is 4000
Server started at 2026-08-13T02:54:18.023Z on port 4000. process.env.PORT is 4000
Server started at 2026-08-13T02:54:32.580Z on port 4000. process.env.PORT is 4000
Server started at 2026-08-13T02:54:38.938Z on port 4000. process.env.PORT is 4000
Server started at 2026-08-13T02:54:42.252Z on port 4000. process.env.PORT is 4000
Server started at 2026-08-13T02:54:44.136Z on port 4000. process.env.PORT is 4000
Server started at 2026-08-13T02:54:46.414Z on port 4000. process.env.PORT is 4000
Server started at 2026-08-13T02:54:49.530Z on port 4000. process.env.PORT is 4000
[DB Query] SUCCESS: SELECT * FROM academics ORDER BY id ASC... | Duration: 4390ms
[DB Query] SUCCESS: SELECT * FROM admissions ORDER BY id ASC... | Duration: 4403ms
[DB Query] SUCCESS: SELECT * FROM events ORDER BY id ASC... | Duration: 4409ms
[DB Query] SUCCESS: SELECT * FROM newss ORDER BY id ASC... | Duration: 4410ms
[DB Query] SUCCESS: SELECT * FROM about ORDER BY id DESC LIMIT 1... | Duration: 4423ms
[DB Query] SUCCESS: SELECT * FROM achievements ORDER BY id ASC... | Duration: 289ms
[DB Query] SUCCESS: SELECT * FROM placements ORDER BY id ASC LIMIT 1... | Duration: 3412ms
[DB Query] SUCCESS: SELECT * FROM newss ORDER BY id ASC... | Duration: 3869ms
[DB Query] SUCCESS: SELECT * FROM academics ORDER BY id ASC... | Duration: 3871ms
[DB Query] SUCCESS: SELECT * FROM admissions ORDER BY id ASC... | Duration: 3872ms
[DB Query] SUCCESS: SELECT * FROM events ORDER BY id ASC... | Duration: 3873ms
[DB Query] SUCCESS: SELECT * FROM achievements ORDER BY id ASC... | Duration: 299ms
[DB Query] SUCCESS: SELECT * FROM about ORDER BY id DESC LIMIT 1... | Duration: 4453ms
[DB Query] SUCCESS: SELECT * FROM placements ORDER BY id ASC LIMIT 1... | Duration: 4671ms
Server started at 2026-08-13T16:04:31.634Z on port 4000. process.env.PORT is 4000
[DB Query] SUCCESS: SELECT * FROM academics ORDER BY id ASC... | Duration: 13099ms
[DB Query] SUCCESS: SELECT * FROM admissions ORDER BY id ASC... | Duration: 14162ms
[DB Query] SUCCESS: SELECT * FROM achievements ORDER BY id ASC... | Duration: 276ms
[DB Query] SUCCESS: SELECT * FROM events ORDER BY id ASC... | Duration: 14516ms
[DB Query] SUCCESS: SELECT * FROM newss ORDER BY id ASC... | Duration: 12281ms
[DB Query] SUCCESS: SELECT * FROM about ORDER BY id DESC LIMIT 1... | Duration: 12292ms
[DB Query] SUCCESS: SELECT * FROM placements ORDER BY id ASC LIMIT 1... | Duration: 12291ms
Server started at 2026-08-13T17:41:39.538Z on port 4000. process.env.PORT is 4000
Server started at 2026-08-13T17:41:55.906Z on port 4000. process.env.PORT is 4000
[DB Query] SUCCESS: SELECT * FROM faculties_table ORDER BY created_at DESC... | Duration: 5146ms
[DB Query] SUCCESS: SELECT * FROM faculties_table ORDER BY created_at DESC... | Duration: 4463ms
[DB Query] SUCCESS: SELECT * FROM faculties_table ORDER BY created_at DESC... | Duration: 3899ms
Server started at 2026-08-13T18:21:02.028Z on port 4000. process.env.PORT is 4000
Server started at 2026-08-13T18:22:50.849Z on port 4000. process.env.PORT is 4000
[DB Query] SUCCESS: INSERT INTO faculties_table (
        name_en, name_hi, role_en, role_hi, designation_en, designatio... | Duration: 3466ms
[DB Query] SUCCESS: SELECT * FROM faculties_table ORDER BY created_at DESC... | Duration: 314ms
[DB Query] ERROR: relation "aboutnith" does not exist on query: SELECT * FROM aboutnith WHERE id = $1
[DB Query] ERROR: relation "aboutnith" does not exist on query: SELECT * FROM aboutnith WHERE id = $1
Server started at 2026-08-13T19:27:23.402Z on port 4000. process.env.PORT is 4000
Server started at 2026-08-13T19:28:37.384Z on port 4000. process.env.PORT is 4000
Server started at 2026-08-13T19:29:55.448Z on port 4000. process.env.PORT is 4000
Server started at 2026-08-13T19:30:56.387Z on port 4000. process.env.PORT is 4000
Server started at 2026-08-13T19:32:20.035Z on port 4000. process.env.PORT is 4000
Server started at 2026-08-13T19:33:36.151Z on port 4000. process.env.PORT is 4000
[DB Query] ERROR: relation "aboutnith" does not exist on query: SELECT * FROM aboutnith WHERE id = $1
[DB Query] ERROR: relation "aboutnith" does not exist on query: SELECT * FROM aboutnith WHERE id = $1
Server started at 2026-08-13T19:57:31.334Z on port 4000. process.env.PORT is 4000
Server started at 2026-08-13T19:57:45.057Z on port 4000. process.env.PORT is 4000
Server started at 2026-08-13T19:58:06.092Z on port 4000. process.env.PORT is 4000
Server started at 2026-08-13T19:59:47.383Z on port 4000. process.env.PORT is 4000
Server started at 2026-08-13T20:00:02.186Z on port 4000. process.env.PORT is 4000
Server started at 2026-08-13T20:00:17.651Z on port 4000. process.env.PORT is 4000
Server started at 2026-08-13T20:00:32.437Z on port 4000. process.env.PORT is 4000
Server started at 2026-08-13T20:01:30.370Z on port 4000. process.env.PORT is 4000
Server started at 2026-08-13T20:18:13.257Z on port 4000. process.env.PORT is 4000
Server started at 2026-08-13T20:18:22.753Z on port 4000. process.env.PORT is 4000
Server started at 2026-08-13T20:18:47.246Z on port 4000. process.env.PORT is 4000
Server started at 2026-08-13T20:18:55.029Z on port 4000. process.env.PORT is 4000
[DB Query] SUCCESS: SELECT * FROM about_nith_goals ORDER BY id ASC... | Duration: 395ms
[DB Query] SUCCESS: SELECT * FROM about_nith_core_values ORDER BY id ASC... | Duration: 3495ms
[DB Query] SUCCESS: SELECT * FROM about_nith_core_values ORDER BY id ASC... | Duration: 3981ms
[DB Query] SUCCESS: SELECT * FROM about_nith_timeline ORDER BY id ASC... | Duration: 403ms
[DB Query] SUCCESS: SELECT * FROM about_nith_timeline ORDER BY id ASC... | Duration: 3495ms
[DB Query] SUCCESS: SELECT * FROM about_nith_core_values ORDER BY id ASC... | Duration: 440ms
[DB Query] SUCCESS: SELECT * FROM about_nith_core_values ORDER BY id ASC... | Duration: 445ms
